# melos_managed_dependency_overrides: cli_annotations,cli_gen
dependency_overrides:
  cli_annotations:
    path: ../../../cli_annotations
  cli_gen:
    path: ../..
