name: goldens
version: 1.0.0
publish_to: none

environment:
  sdk: ^3.5.0

resolution: workspace

dependencies:
  cli_annotations: ^0.1.0-dev.6
  test: ^1.25.9

dev_dependencies:
  build: ^2.4.1
  build_runner: ^2.4.13
  build_test: ^2.2.2
  cli_gen: ^0.1.0-dev.6
  lints: ^5.0.0
  path: ^1.9.0
